Permissions   Size    Modified        Name
rw-r--r--     2.1K    11-07 14:12     Cargo.toml  🦀
-rwxr-xr-x    12.4M   11-05 10:22     nxsh        🔧*
drwxr-xr-x    4.0K    11-03 09:01     src         📂
-rw-r--r--    8.8K    11-02 16:40     README.md   📄
──────────────────────────────────────────────────────────────────────────────
[EN] Header uses bold white; zebra striping on even rows.
[JA] ヘッダは太字白、偶数行に薄い縞背景を適用します。
──────────────────────────────────────────────────────────────────────────────


